Importing SentenceTransformer...
Imported. Loading model...
Model loaded.
Testing embedding speed...
Avg embedding time: 207.1 ms
Testing FAISS insert speed...
Encoding all 200 entries...
Encoding complete. Inserting...
FAISS insert complete.
Testing retrieval speed...
Importing SentenceTransformer...
Imported. Loading model...
Model loaded.
Testing embedding speed...
Avg embedding time: 138.0 ms
Testing FAISS insert speed...
Encoding all 200 entries...
Encoding complete. Inserting...
FAISS insert complete.
Testing retrieval speed...
Done!
Importing SentenceTransformer...
Imported. Loading model...
Model loaded.
Testing embedding speed...
Avg embedding time: 153.5 ms
Testing FAISS insert speed...
Encoding all 200 entries...
Encoding complete. Inserting...
FAISS insert complete.
Testing retrieval speed...
Done!
